14:07:07 INFO    [app.main] (req=-) application_starting
14:07:07 INFO    [app.graph.neo4j_client] (req=-) graph_store_selected
14:07:11 WARNING [app.db.session] (req=-) postgres_unavailable
14:07:11 ERROR   [app.main] (req=-) postgres_unavailable_at_startup
14:07:11 INFO    [app.ingestion.scheduler] (req=-) ingestion_scheduler_disabled
14:07:16 WARNING [app.db.session] (req=1d1283c1-287f-4a60-b886-c5d624f72247) postgres_unavailable
14:07:16 INFO    [app.main] (req=1d1283c1-287f-4a60-b886-c5d624f72247) http_request
14:07:17 WARNING [app.db.session] (req=2c45df1b-3ba4-4258-9f93-22cb0bf9e2a4) postgres_unavailable
14:07:17 INFO    [app.main] (req=2c45df1b-3ba4-4258-9f93-22cb0bf9e2a4) http_request
14:07:18 WARNING [app.db.session] (req=3ea614fa-2063-4e7e-bd60-a9e8d835fd8f) postgres_unavailable
14:07:18 INFO    [app.main] (req=3ea614fa-2063-4e7e-bd60-a9e8d835fd8f) http_request
14:07:19 WARNING [app.db.session] (req=b8911883-6b9d-4413-9450-08102cbdd1ef) postgres_unavailable
14:07:19 INFO    [app.main] (req=b8911883-6b9d-4413-9450-08102cbdd1ef) http_request
14:07:20 WARNING [app.db.session] (req=0fc4fa23-5716-4c4f-900a-12cbde70d2c1) postgres_unavailable
14:07:20 INFO    [app.main] (req=0fc4fa23-5716-4c4f-900a-12cbde70d2c1) http_request
14:07:21 WARNING [app.db.session] (req=007972cc-536c-4964-8831-283f1cc615fe) postgres_unavailable
14:07:21 INFO    [app.main] (req=007972cc-536c-4964-8831-283f1cc615fe) http_request
14:07:22 WARNING [app.db.session] (req=c291210d-e2f9-4a52-ad05-99bbd3eb931f) postgres_unavailable
14:07:22 INFO    [app.main] (req=c291210d-e2f9-4a52-ad05-99bbd3eb931f) http_request
14:07:23 WARNING [app.db.session] (req=d5944ff2-2ea9-41bb-98ee-92fab8e2de3a) postgres_unavailable
14:07:23 INFO    [app.main] (req=d5944ff2-2ea9-41bb-98ee-92fab8e2de3a) http_request
14:07:24 WARNING [app.db.session] (req=5691e664-98ef-455b-9f8f-db05e81ec97e) postgres_unavailable
14:07:24 INFO    [app.main] (req=5691e664-98ef-455b-9f8f-db05e81ec97e) http_request
14:07:25 WARNING [app.db.session] (req=91404767-88bf-4e7c-abb0-66104ae3ecf0) postgres_unavailable
14:07:25 INFO    [app.main] (req=91404767-88bf-4e7c-abb0-66104ae3ecf0) http_request
14:07:26 WARNING [app.db.session] (req=0aca82c5-1c57-4a5f-998a-289b796c755a) postgres_unavailable
14:07:26 INFO    [app.main] (req=0aca82c5-1c57-4a5f-998a-289b796c755a) http_request
14:07:27 WARNING [app.db.session] (req=37082608-a51b-4945-b0a2-a295d8623849) postgres_unavailable
14:07:27 INFO    [app.main] (req=37082608-a51b-4945-b0a2-a295d8623849) http_request
14:07:28 WARNING [app.db.session] (req=6489d261-675d-44a3-b997-1733d92fcb29) postgres_unavailable
14:07:28 INFO    [app.main] (req=6489d261-675d-44a3-b997-1733d92fcb29) http_request
14:07:29 WARNING [app.db.session] (req=80e4578c-ce35-48b2-b694-0584c0b6e350) postgres_unavailable
14:07:29 INFO    [app.main] (req=80e4578c-ce35-48b2-b694-0584c0b6e350) http_request
14:07:30 WARNING [app.db.session] (req=ce939ff5-e5d2-4e63-94bd-16bb4c48f46a) postgres_unavailable
14:07:30 INFO    [app.main] (req=ce939ff5-e5d2-4e63-94bd-16bb4c48f46a) http_request
14:07:31 WARNING [app.db.session] (req=445369df-0079-4f29-949c-0b450261cd0b) postgres_unavailable
14:07:31 INFO    [app.main] (req=445369df-0079-4f29-949c-0b450261cd0b) http_request
14:07:32 WARNING [app.db.session] (req=fe6565cb-ca79-4e82-a922-40ed4bec8cee) postgres_unavailable
14:07:32 INFO    [app.main] (req=fe6565cb-ca79-4e82-a922-40ed4bec8cee) http_request
14:07:33 WARNING [app.db.session] (req=99e08160-0196-4189-91f3-2ea4f02cd549) postgres_unavailable
14:07:33 INFO    [app.main] (req=99e08160-0196-4189-91f3-2ea4f02cd549) http_request
14:07:34 WARNING [app.db.session] (req=1d4a15d4-c42a-4f24-a06c-db1a6ebacf55) postgres_unavailable
14:07:34 INFO    [app.main] (req=1d4a15d4-c42a-4f24-a06c-db1a6ebacf55) http_request
14:07:35 WARNING [app.db.session] (req=3e6afe4f-ba0e-4b7b-91cd-a62a68204d2d) postgres_unavailable
14:07:35 INFO    [app.main] (req=3e6afe4f-ba0e-4b7b-91cd-a62a68204d2d) http_request
14:07:36 WARNING [app.db.session] (req=c67bfbb8-86ce-40af-a1a8-b1e7f3938686) postgres_unavailable
14:07:36 INFO    [app.main] (req=c67bfbb8-86ce-40af-a1a8-b1e7f3938686) http_request
14:07:37 WARNING [app.db.session] (req=203c3198-0413-413a-b56b-b544309ae8ce) postgres_unavailable
14:07:37 INFO    [app.main] (req=203c3198-0413-413a-b56b-b544309ae8ce) http_request
14:07:38 WARNING [app.db.session] (req=c794e0dd-d6a0-415d-9f47-a406e8fbcdce) postgres_unavailable
14:07:39 INFO    [app.main] (req=c794e0dd-d6a0-415d-9f47-a406e8fbcdce) http_request
14:07:39 WARNING [app.db.session] (req=b542607b-1d76-44f4-abdc-19717fd68949) postgres_unavailable
14:07:39 INFO    [app.main] (req=b542607b-1d76-44f4-abdc-19717fd68949) http_request
14:07:41 WARNING [app.db.session] (req=9c0978aa-3bc6-49ba-bbcf-4a3ab6b531d7) postgres_unavailable
14:07:41 INFO    [app.main] (req=9c0978aa-3bc6-49ba-bbcf-4a3ab6b531d7) http_request
14:07:42 WARNING [app.db.session] (req=64d143a6-be46-4a41-b6b7-39e3f1149b10) postgres_unavailable
14:07:42 INFO    [app.main] (req=64d143a6-be46-4a41-b6b7-39e3f1149b10) http_request
14:07:43 WARNING [app.db.session] (req=c2e04228-ecbc-4ea4-a47a-559b8de90d0a) postgres_unavailable
14:07:43 INFO    [app.main] (req=c2e04228-ecbc-4ea4-a47a-559b8de90d0a) http_request
14:07:44 WARNING [app.db.session] (req=ebd05689-0b22-4bc4-b2e1-b0ca45495b04) postgres_unavailable
14:07:44 INFO    [app.main] (req=ebd05689-0b22-4bc4-b2e1-b0ca45495b04) http_request
14:07:45 WARNING [app.db.session] (req=3504d068-7c7f-48c2-a825-ac4733b2a341) postgres_unavailable
14:07:45 INFO    [app.main] (req=3504d068-7c7f-48c2-a825-ac4733b2a341) http_request
14:07:46 WARNING [app.db.session] (req=4146325f-93bd-4aa5-89fa-2349f1fbbc82) postgres_unavailable
14:07:46 INFO    [app.main] (req=4146325f-93bd-4aa5-89fa-2349f1fbbc82) http_request
14:07:47 WARNING [app.db.session] (req=7dd9d506-9ea8-4938-82f4-4033f4e778fb) postgres_unavailable
14:07:47 INFO    [app.main] (req=7dd9d506-9ea8-4938-82f4-4033f4e778fb) http_request
14:07:48 WARNING [app.db.session] (req=86bc6a01-7609-422c-a913-c4b6257a709a) postgres_unavailable
14:07:48 INFO    [app.main] (req=86bc6a01-7609-422c-a913-c4b6257a709a) http_request
14:07:49 WARNING [app.db.session] (req=6cf6ecf7-dfde-4029-b078-fd357b40f88c) postgres_unavailable
14:07:49 INFO    [app.main] (req=6cf6ecf7-dfde-4029-b078-fd357b40f88c) http_request
14:07:50 WARNING [app.db.session] (req=9e42aefc-0ab5-4c48-b317-e3390164ea8c) postgres_unavailable
14:07:50 INFO    [app.main] (req=9e42aefc-0ab5-4c48-b317-e3390164ea8c) http_request
14:07:51 WARNING [app.db.session] (req=10cb5b9d-b47a-40b5-b6cd-9bef0463ef5c) postgres_unavailable
14:07:51 INFO    [app.main] (req=10cb5b9d-b47a-40b5-b6cd-9bef0463ef5c) http_request
14:07:52 WARNING [app.db.session] (req=57f0e551-605b-4cfa-8814-34628ea07fdb) postgres_unavailable
14:07:52 INFO    [app.main] (req=57f0e551-605b-4cfa-8814-34628ea07fdb) http_request
